// Jest Snapshot v1, https://goo.gl/fbAQLP

exports[`renders correctly 1`] = `
<section
  data-component="general/sectionheadline"
  id="id1695242607"
>
  <div
    class="my-8 lg:mx-auto md:max-w-screen-lg theme-white"
  >
    <div
      class="section-grid grid grid-cols-2 md:grid-cols-12 px-m gap-s md:gap-s "
    >
      <div
        class="col-span-12"
      >
        <div
          class="items-top font-sans [&_a:hover]:underline text-s md:text-m font-heavy pb-xs mb-s text-center border-b-6 border-primary"
        >
          <h2>
            Section Headline Dark Center
          </h2>
        </div>
      </div>
    </div>
  </div>
</section>
`;
