// Jest Snapshot v1, https://goo.gl/fbAQLP

exports[`renders correctly 1`] = `
<section
  data-component="forms/formwithcontentblock"
  id="id2142262536"
>
  <div
    class="my-4 w-full theme-white"
  >
    <div
      class="section-grid grid grid-cols-2 md:grid-cols-12 px-0 gap-x-0 "
    >
      <div
        class="col-span-12 flex py-l ml:grid ml:!py-m"
      >
        <div
          class="col-span-12"
        >
          <div
            style="background: darkorange; outline: 5px solid orange; padding: 10px; color: white; max-width: 500px;"
          >
            <h2>
              ContentBlock
            </h2>
            <p>
              JSS component is missing React implementation. See the developer console for more information.
            </p>
          </div>
        </div>
        <div
          class="col-span-12"
        >
          <div
            style="background: darkorange; outline: 5px solid orange; padding: 10px; color: white; max-width: 500px;"
          >
            <h2>
              ContentBlock
            </h2>
            <p>
              JSS component is missing React implementation. See the developer console for more information.
            </p>
          </div>
        </div>
      </div>
    </div>
  </div>
</section>
`;
